2024-12-20 16:20:51,434 - INFO - Processing This patient...
2024-12-20 16:20:51,435 - INFO - Finished processing state input exit callbacks.
2024-12-20 16:20:51,435 - INFO - Finished processing state condition_check enter callbacks.
2024-12-20 16:20:51,435 - INFO - Filtered hospitals based on restriction conditions : []
2024-12-20 16:20:51,435 - INFO - Executed callback 'apply_restrictions'
2024-12-20 16:20:51,435 - INFO - Finished processing state condition_check exit callbacks.
2024-12-20 16:20:51,435 - INFO - Finished processing state service_determination enter callbacks.
2024-12-20 16:20:51,435 - INFO - Executed callback 'home_hospital_check'
2024-12-20 16:22:26,158 - INFO - Processing This patient...
2024-12-20 16:22:26,159 - INFO - Finished processing state input exit callbacks.
2024-12-20 16:22:26,159 - INFO - Finished processing state condition_check enter callbacks.
2024-12-20 16:22:26,160 - INFO - 0
2024-12-20 16:22:26,160 - INFO - Filtered hospitals based on restriction conditions : []
2024-12-20 16:22:26,160 - INFO - Executed callback 'apply_restrictions'
2024-12-20 16:22:26,160 - INFO - Finished processing state condition_check exit callbacks.
2024-12-20 16:22:26,160 - INFO - Finished processing state service_determination enter callbacks.
2024-12-20 16:22:26,160 - INFO - Executed callback 'home_hospital_check'
2024-12-20 16:23:54,735 - INFO - Processing This patient...
2024-12-20 16:23:54,736 - INFO - Finished processing state input exit callbacks.
2024-12-20 16:23:54,736 - INFO - Finished processing state condition_check enter callbacks.
2024-12-20 16:23:54,736 - INFO - 0
2024-12-20 16:23:54,736 - INFO - Filtered hospitals based on restriction conditions : []
2024-12-20 16:23:54,736 - INFO - Executed callback 'apply_restrictions'
2024-12-20 16:23:54,736 - INFO - Finished processing state condition_check exit callbacks.
2024-12-20 16:23:54,736 - INFO - Finished processing state service_determination enter callbacks.
2024-12-20 16:23:54,736 - INFO - Executed callback 'home_hospital_check'
2024-12-20 16:24:43,704 - INFO - Processing This patient...
2024-12-20 16:24:43,704 - INFO - Finished processing state input exit callbacks.
2024-12-20 16:24:43,704 - INFO - Finished processing state condition_check enter callbacks.
2024-12-20 16:24:43,704 - INFO - 0
2024-12-20 16:24:43,704 - INFO - Filtered hospitals based on restriction conditions : []
2024-12-20 16:24:43,704 - INFO - Executed callback 'apply_restrictions'
2024-12-20 16:24:43,704 - INFO - Finished processing state condition_check exit callbacks.
2024-12-20 16:24:43,704 - INFO - Finished processing state service_determination enter callbacks.
2024-12-20 16:24:43,704 - INFO - Executed callback 'home_hospital_check'
2024-12-20 16:25:28,963 - INFO - Processing This patient...
2024-12-20 16:25:28,964 - INFO - Finished processing state input exit callbacks.
2024-12-20 16:25:28,964 - INFO - Finished processing state condition_check enter callbacks.
2024-12-20 16:25:28,964 - INFO - 0
2024-12-20 16:25:28,964 - INFO - Filtered hospitals based on restriction conditions : []
2024-12-20 16:25:28,964 - INFO - Executed callback 'apply_restrictions'
2024-12-20 16:25:28,964 - INFO - Finished processing state condition_check exit callbacks.
2024-12-20 16:25:28,964 - INFO - Finished processing state service_determination enter callbacks.
2024-12-20 16:25:28,964 - INFO - Executed callback 'home_hospital_check'
